------------------------------------------------------------
TimeQuest Timing Analyzer Summary
------------------------------------------------------------

Type  : Slow 1200mV 85C Model Setup 'clock_divider:clock_divider_inst|count[5]'
Slack : -169.458
TNS   : -104766.752

Type  : Slow 1200mV 85C Model Setup 'clock'
Slack : -138.233
TNS   : -632.515

Type  : Slow 1200mV 85C Model Setup 'red_screen:rs|game_process:game_process|trigger'
Slack : -25.166
TNS   : -50.332

Type  : Slow 1200mV 85C Model Setup 'ps2_clk'
Slack : -6.632
TNS   : -141.666

Type  : Slow 1200mV 85C Model Setup 'inst_vga_test|vga_sync_inst|vga_pll|altpll_component|auto_generated|pll1|clk[0]'
Slack : -4.866
TNS   : -81.212

Type  : Slow 1200mV 85C Model Hold 'clock'
Slack : 0.402
TNS   : 0.000

Type  : Slow 1200mV 85C Model Hold 'clock_divider:clock_divider_inst|count[5]'
Slack : 0.402
TNS   : 0.000

Type  : Slow 1200mV 85C Model Hold 'inst_vga_test|vga_sync_inst|vga_pll|altpll_component|auto_generated|pll1|clk[0]'
Slack : 0.405
TNS   : 0.000

Type  : Slow 1200mV 85C Model Hold 'ps2_clk'
Slack : 0.440
TNS   : 0.000

Type  : Slow 1200mV 85C Model Hold 'red_screen:rs|game_process:game_process|trigger'
Slack : 1.092
TNS   : 0.000

Type  : Slow 1200mV 85C Model Recovery 'inst_vga_test|vga_sync_inst|vga_pll|altpll_component|auto_generated|pll1|clk[0]'
Slack : -4.989
TNS   : -98.001

Type  : Slow 1200mV 85C Model Recovery 'red_screen:rs|game_process:game_process|trigger'
Slack : -1.289
TNS   : -2.578

Type  : Slow 1200mV 85C Model Recovery 'clock'
Slack : 14.189
TNS   : 0.000

Type  : Slow 1200mV 85C Model Removal 'red_screen:rs|game_process:game_process|trigger'
Slack : 1.474
TNS   : 0.000

Type  : Slow 1200mV 85C Model Removal 'clock'
Slack : 3.844
TNS   : 0.000

Type  : Slow 1200mV 85C Model Removal 'inst_vga_test|vga_sync_inst|vga_pll|altpll_component|auto_generated|pll1|clk[0]'
Slack : 4.071
TNS   : 0.000

Type  : Slow 1200mV 85C Model Minimum Pulse Width 'ps2_clk'
Slack : -3.000
TNS   : -67.373

Type  : Slow 1200mV 85C Model Minimum Pulse Width 'clock_divider:clock_divider_inst|count[5]'
Slack : -2.693
TNS   : -1780.107

Type  : Slow 1200mV 85C Model Minimum Pulse Width 'red_screen:rs|game_process:game_process|trigger'
Slack : -1.285
TNS   : -2.570

Type  : Slow 1200mV 85C Model Minimum Pulse Width 'clock'
Slack : 9.622
TNS   : 0.000

Type  : Slow 1200mV 85C Model Minimum Pulse Width 'inst_vga_test|vga_sync_inst|vga_pll|altpll_component|auto_generated|pll1|clk[0]'
Slack : 19.572
TNS   : 0.000

Type  : Slow 1200mV 0C Model Setup 'clock_divider:clock_divider_inst|count[5]'
Slack : -153.472
TNS   : -95142.664

Type  : Slow 1200mV 0C Model Setup 'clock'
Slack : -125.209
TNS   : -549.426

Type  : Slow 1200mV 0C Model Setup 'red_screen:rs|game_process:game_process|trigger'
Slack : -22.626
TNS   : -45.252

Type  : Slow 1200mV 0C Model Setup 'ps2_clk'
Slack : -5.965
TNS   : -124.004

Type  : Slow 1200mV 0C Model Setup 'inst_vga_test|vga_sync_inst|vga_pll|altpll_component|auto_generated|pll1|clk[0]'
Slack : -4.310
TNS   : -71.795

Type  : Slow 1200mV 0C Model Hold 'clock_divider:clock_divider_inst|count[5]'
Slack : 0.353
TNS   : 0.000

Type  : Slow 1200mV 0C Model Hold 'clock'
Slack : 0.354
TNS   : 0.000

Type  : Slow 1200mV 0C Model Hold 'inst_vga_test|vga_sync_inst|vga_pll|altpll_component|auto_generated|pll1|clk[0]'
Slack : 0.356
TNS   : 0.000

Type  : Slow 1200mV 0C Model Hold 'ps2_clk'
Slack : 0.387
TNS   : 0.000

Type  : Slow 1200mV 0C Model Hold 'red_screen:rs|game_process:game_process|trigger'
Slack : 0.987
TNS   : 0.000

Type  : Slow 1200mV 0C Model Recovery 'inst_vga_test|vga_sync_inst|vga_pll|altpll_component|auto_generated|pll1|clk[0]'
Slack : -4.389
TNS   : -86.156

Type  : Slow 1200mV 0C Model Recovery 'red_screen:rs|game_process:game_process|trigger'
Slack : -1.029
TNS   : -2.058

Type  : Slow 1200mV 0C Model Recovery 'clock'
Slack : 14.772
TNS   : 0.000

Type  : Slow 1200mV 0C Model Removal 'red_screen:rs|game_process:game_process|trigger'
Slack : 1.370
TNS   : 0.000

Type  : Slow 1200mV 0C Model Removal 'clock'
Slack : 3.520
TNS   : 0.000

Type  : Slow 1200mV 0C Model Removal 'inst_vga_test|vga_sync_inst|vga_pll|altpll_component|auto_generated|pll1|clk[0]'
Slack : 3.610
TNS   : 0.000

Type  : Slow 1200mV 0C Model Minimum Pulse Width 'ps2_clk'
Slack : -3.000
TNS   : -67.329

Type  : Slow 1200mV 0C Model Minimum Pulse Width 'clock_divider:clock_divider_inst|count[5]'
Slack : -2.649
TNS   : -1779.051

Type  : Slow 1200mV 0C Model Minimum Pulse Width 'red_screen:rs|game_process:game_process|trigger'
Slack : -1.285
TNS   : -2.570

Type  : Slow 1200mV 0C Model Minimum Pulse Width 'clock'
Slack : 9.644
TNS   : 0.000

Type  : Slow 1200mV 0C Model Minimum Pulse Width 'inst_vga_test|vga_sync_inst|vga_pll|altpll_component|auto_generated|pll1|clk[0]'
Slack : 19.574
TNS   : 0.000

Type  : Fast 1200mV 0C Model Setup 'clock_divider:clock_divider_inst|count[5]'
Slack : -84.008
TNS   : -51621.550

Type  : Fast 1200mV 0C Model Setup 'clock'
Slack : -68.616
TNS   : -291.610

Type  : Fast 1200mV 0C Model Setup 'red_screen:rs|game_process:game_process|trigger'
Slack : -11.456
TNS   : -22.911

Type  : Fast 1200mV 0C Model Setup 'ps2_clk'
Slack : -2.661
TNS   : -42.812

Type  : Fast 1200mV 0C Model Setup 'inst_vga_test|vga_sync_inst|vga_pll|altpll_component|auto_generated|pll1|clk[0]'
Slack : -2.525
TNS   : -42.304

Type  : Fast 1200mV 0C Model Hold 'clock'
Slack : 0.155
TNS   : 0.000

Type  : Fast 1200mV 0C Model Hold 'clock_divider:clock_divider_inst|count[5]'
Slack : 0.181
TNS   : 0.000

Type  : Fast 1200mV 0C Model Hold 'inst_vga_test|vga_sync_inst|vga_pll|altpll_component|auto_generated|pll1|clk[0]'
Slack : 0.183
TNS   : 0.000

Type  : Fast 1200mV 0C Model Hold 'ps2_clk'
Slack : 0.199
TNS   : 0.000

Type  : Fast 1200mV 0C Model Hold 'red_screen:rs|game_process:game_process|trigger'
Slack : 0.495
TNS   : 0.000

Type  : Fast 1200mV 0C Model Recovery 'inst_vga_test|vga_sync_inst|vga_pll|altpll_component|auto_generated|pll1|clk[0]'
Slack : -2.593
TNS   : -50.745

Type  : Fast 1200mV 0C Model Recovery 'red_screen:rs|game_process:game_process|trigger'
Slack : -0.317
TNS   : -0.634

Type  : Fast 1200mV 0C Model Recovery 'clock'
Slack : 16.831
TNS   : 0.000

Type  : Fast 1200mV 0C Model Removal 'red_screen:rs|game_process:game_process|trigger'
Slack : 0.748
TNS   : 0.000

Type  : Fast 1200mV 0C Model Removal 'clock'
Slack : 1.856
TNS   : 0.000

Type  : Fast 1200mV 0C Model Removal 'inst_vga_test|vga_sync_inst|vga_pll|altpll_component|auto_generated|pll1|clk[0]'
Slack : 2.114
TNS   : 0.000

Type  : Fast 1200mV 0C Model Minimum Pulse Width 'ps2_clk'
Slack : -3.000
TNS   : -60.681

Type  : Fast 1200mV 0C Model Minimum Pulse Width 'clock_divider:clock_divider_inst|count[5]'
Slack : -1.000
TNS   : -1359.000

Type  : Fast 1200mV 0C Model Minimum Pulse Width 'red_screen:rs|game_process:game_process|trigger'
Slack : -1.000
TNS   : -2.000

Type  : Fast 1200mV 0C Model Minimum Pulse Width 'clock'
Slack : 9.371
TNS   : 0.000

Type  : Fast 1200mV 0C Model Minimum Pulse Width 'inst_vga_test|vga_sync_inst|vga_pll|altpll_component|auto_generated|pll1|clk[0]'
Slack : 19.620
TNS   : 0.000

------------------------------------------------------------
