MIF/HEX Update report for CPU
Thu Jun 26 12:43:10 2025
Quartus Prime Version 17.1.0 Build 590 10/25/2017 SJ Lite Edition


---------------------
; Table of Contents ;
---------------------
  1. Legal Notice
  2. MIF/HEX Update Summary
  3. MIF/HEX Update Processed Files
  4. MIF/HEX Update Messages



----------------
; Legal Notice ;
----------------
Copyright (C) 2017  Intel Corporation. All rights reserved.
Your use of Intel Corporation's design tools, logic functions 
and other software and tools, and its AMPP partner logic 
functions, and any output files from any of the foregoing 
(including device programming or simulation files), and any 
associated documentation or information are expressly subject 
to the terms and conditions of the Intel Program License 
Subscription Agreement, the Intel Quartus Prime License Agreement,
the Intel FPGA IP License Agreement, or other applicable license
agreement, including, without limitation, that your use is for
the sole purpose of programming logic devices manufactured by
Intel and sold by Intel or its authorized distributors.  Please
refer to the applicable agreement for further details.



+---------------------------------------------------------------+
; MIF/HEX Update Summary                                        ;
+-----------------------+---------------------------------------+
; MIF/HEX Update Status ; Successful - Thu Jun 26 12:43:10 2025 ;
; Revision Name         ; CPU                                   ;
; Top-level Entity Name ; teste                                 ;
; Family                ; Cyclone IV E                          ;
; Device                ; EP4CE115F29C7                         ;
+-----------------------+---------------------------------------+


+-----------------------------------------------------------------------------------------+
; MIF/HEX Update Processed Files                                                          ;
+-----------------------------------------------------------------------------------------+
; File Name                                                                               ;
+-----------------------------------------------------------------------------------------+
; C:/Users/rafae/OneDrive/Documents/Workspace/Faculdade/Processador/db/cpu.teste0.rtl.mif ;
; C:/Users/rafae/OneDrive/Documents/Workspace/Faculdade/Processador/framebuffer_red.mif   ;
+-----------------------------------------------------------------------------------------+


+-------------------------+
; MIF/HEX Update Messages ;
+-------------------------+
Warning (125092): Tcl Script File testevram.qip not found
    Info (125063): set_global_assignment -name QIP_FILE testevram.qip
Info: *******************************************************************
Info: Running Quartus Prime MIF/HEX Update
    Info: Version 17.1.0 Build 590 10/25/2017 SJ Lite Edition
    Info: Processing started: Thu Jun 26 12:43:08 2025
Info: Command: quartus_cdb CPU -c CPU --update_mif
Warning (113028): 12896 out of 65536 addresses are uninitialized. The Quartus Prime software will initialize them to "0". There are 1 warnings found, and 1 warnings are reported. File: C:/Users/rafae/OneDrive/Documents/Workspace/Faculdade/Processador/framebuffer_red.mif Line: 1
    Warning (113027): Addresses ranging from 52640 to 65535 are not initialized File: C:/Users/rafae/OneDrive/Documents/Workspace/Faculdade/Processador/framebuffer_red.mif Line: 1
Info (39024): Processed the following Memory Initialization File(s)
    Info (39025): Processed Memory Initialization File C:/Users/rafae/OneDrive/Documents/Workspace/Faculdade/Processador/db/cpu.teste0.rtl.mif File: C:/Users/rafae/OneDrive/Documents/Workspace/Faculdade/Processador/db/cpu.teste0.rtl.mif Line: 0
    Info (39025): Processed Memory Initialization File C:/Users/rafae/OneDrive/Documents/Workspace/Faculdade/Processador/framebuffer_red.mif File: C:/Users/rafae/OneDrive/Documents/Workspace/Faculdade/Processador/framebuffer_red.mif Line: 0
Info: Quartus Prime MIF/HEX Update was successful. 0 errors, 3 warnings
    Info: Peak virtual memory: 4798 megabytes
    Info: Processing ended: Thu Jun 26 12:43:10 2025
    Info: Elapsed time: 00:00:02
    Info: Total CPU time (on all processors): 00:00:01


